src/pages/DailyLogging.tsx(8,1): error TS6192: All imports in import declaration are unused.
