src/context/AppContext.tsx(3,183): error TS6196: 'Profile' is declared but never used.
src/pages/Settings.tsx(78,23): error TS2322: Type '{ tabs: { id: string; label: string; content: Element; }[]; }' is not assignable to type 'IntrinsicAttributes & TabsProps'.
  Property 'tabs' does not exist on type 'IntrinsicAttributes & TabsProps'.
src/pages/settings/SettingsCentreProfile.tsx(6,10): error TS1484: 'Centre' is a type and must be imported using a type-only import when 'verbatimModuleSyntax' is enabled.
src/pages/settings/SettingsContrastTypes.tsx(26,15): error TS6133: 'updatedTypes' is declared but its value is never read.
src/pages/settings/SettingsStaff.tsx(3,35): error TS6133: 'Badge' is declared but its value is never read.
src/pages/settings/SettingsStaff.tsx(5,10): error TS1484: 'UserRole' is a type and must be imported using a type-only import when 'verbatimModuleSyntax' is enabled.
src/pages/settings/SettingsStaff.tsx(91,28): error TS2322: Type '({ header: string; accessorKey: string; sortable: boolean; align?: undefined; } | { header: string; accessorKey: (row: any) => Element; sortable?: undefined; align?: undefined; } | { header: string; accessorKey: (row: any) => string; align: "right"; sortable?: undefined; })[]' is not assignable to type 'Column<Profile>[]'.
  Type '{ header: string; accessorKey: string; sortable: boolean; align?: undefined; } | { header: string; accessorKey: (row: any) => Element; sortable?: undefined; align?: undefined; } | { header: string; accessorKey: (row: any) => string; align: "right"; sortable?: undefined; }' is not assignable to type 'Column<Profile>'.
    Type '{ header: string; accessorKey: string; sortable: boolean; align?: undefined; }' is not assignable to type 'Column<Profile>'.
      Types of property 'accessorKey' are incompatible.
        Type 'string' is not assignable to type 'keyof Profile | ((row: Profile) => ReactNode)'.
